c:\projects\keyhuntcudaclient\keyhunt-cuda\x64\release\vc143.pdb
c:\projects\keyhuntcudaclient\keyhunt-cuda\x64\release\timer.obj
c:\projects\keyhuntcudaclient\keyhunt-cuda\x64\release\secp256k1.obj
c:\projects\keyhuntcudaclient\keyhunt-cuda\x64\release\random.obj
c:\projects\keyhuntcudaclient\keyhunt-cuda\x64\release\point.obj
c:\projects\keyhuntcudaclient\keyhunt-cuda\x64\release\main.obj
c:\projects\keyhuntcudaclient\keyhunt-cuda\x64\release\keyhunt.obj
c:\projects\keyhuntcudaclient\keyhunt-cuda\x64\release\intmod.obj
c:\projects\keyhuntcudaclient\keyhunt-cuda\x64\release\intgroup.obj
c:\projects\keyhuntcudaclient\keyhunt-cuda\x64\release\int.obj
c:\projects\keyhuntcudaclient\keyhunt-cuda\x64\release\sha512.obj
c:\projects\keyhuntcudaclient\keyhunt-cuda\x64\release\sha256_sse.obj
c:\projects\keyhuntcudaclient\keyhunt-cuda\x64\release\sha256.obj
c:\projects\keyhuntcudaclient\keyhunt-cuda\x64\release\ripemd160_sse.obj
c:\projects\keyhuntcudaclient\keyhunt-cuda\x64\release\ripemd160.obj
c:\projects\keyhuntcudaclient\keyhunt-cuda\x64\release\keccak160.obj
c:\projects\keyhuntcudaclient\keyhunt-cuda\x64\release\gpugenerate.obj
c:\projects\keyhuntcudaclient\keyhunt-cuda\x64\release\gmputil.obj
c:\projects\keyhuntcudaclient\keyhunt-cuda\x64\release\cmdparse.obj
c:\projects\keyhuntcudaclient\keyhunt-cuda\x64\release\bloom.obj
c:\projects\keyhuntcudaclient\keyhunt-cuda\x64\release\base58.obj
c:\projects\keyhuntcudaclient\keyhunt-cuda\x64\release\gpuengine.cu.obj
c:\projects\keyhuntcudaclient\x64\release\keyhunt-cuda.exe
c:\projects\keyhuntcudaclient\x64\release\keyhunt-cuda.pdb
c:\projects\keyhuntcudaclient\x64\release\keyhunt-cuda.lib
c:\projects\keyhuntcudaclient\x64\release\keyhunt-cuda.exp
c:\projects\keyhuntcudaclient\keyhunt-cuda\x64\release\keyhunt-cuda.ipdb
c:\projects\keyhuntcudaclient\keyhunt-cuda\x64\release\keyhunt-cuda.iobj
c:\projects\keyhuntcudaclient\keyhunt-cuda\x64\release\gpuengine.cu.cache
c:\projects\keyhuntcudaclient\keyhunt-cuda\x64\release\keyhunt-cuda.tlog\cl.command.1.tlog
c:\projects\keyhuntcudaclient\keyhunt-cuda\x64\release\keyhunt-cuda.tlog\cl.items.tlog
c:\projects\keyhuntcudaclient\keyhunt-cuda\x64\release\keyhunt-cuda.tlog\cl.read.1.tlog
c:\projects\keyhuntcudaclient\keyhunt-cuda\x64\release\keyhunt-cuda.tlog\cl.write.1.tlog
c:\projects\keyhuntcudaclient\keyhunt-cuda\x64\release\keyhunt-cuda.tlog\cudacompile.read.1u.tlog
c:\projects\keyhuntcudaclient\keyhunt-cuda\x64\release\keyhunt-cuda.tlog\cudacompile.write.1u.tlog
c:\projects\keyhuntcudaclient\keyhunt-cuda\x64\release\keyhunt-cuda.tlog\link.command.1.tlog
c:\projects\keyhuntcudaclient\keyhunt-cuda\x64\release\keyhunt-cuda.tlog\link.read.1.tlog
c:\projects\keyhuntcudaclient\keyhunt-cuda\x64\release\keyhunt-cuda.tlog\link.secondary.1.tlog
c:\projects\keyhuntcudaclient\keyhunt-cuda\x64\release\keyhunt-cuda.tlog\link.write.1.tlog
